[Bootstrap]
SetupTitle=Instalar
SetupText=Copiando archivos, espere.
CabFile=Touch.CAB
Spawn=Setup1.exe
Uninstal=st6unst.exe
TmpDir=msftqws.pdw
Cabs=1

[Bootstrap Files]
File1=@VB6STKIT.DLL,$(WinSysPathSysFile),,,7/15/00 12:00:00 AM,101888,6.0.84.50
File2=@COMCAT.DLL,$(WinSysPathSysFile),$(DLLSelfRegister),,6/1/98 12:00:00 AM,22288,4.71.1460.1
File3=@VB6ES.DLL,$(WinSysPath),,$(Shared),10/2/00 12:00:00 AM,119568,6.0.89.88
File4=@STDOLE2.TLB,$(WinSysPathSysFile),$(TLBRegister),,6/3/99 12:00:00 AM,17920,2.40.4275.1
File5=@ASYCFILT.DLL,$(WinSysPathSysFile),,,3/8/99 12:00:00 AM,147728,2.40.4275.1
File6=@OLEPRO32.DLL,$(WinSysPathSysFile),$(DLLSelfRegister),,3/8/99 12:00:00 AM,164112,5.0.4275.1
File7=@OLEAUT32.DLL,$(WinSysPathSysFile),$(DLLSelfRegister),,4/12/00 12:00:00 AM,598288,2.40.4275.1
File8=@msvbvm60.dll,$(WinSysPathSysFile),$(DLLSelfRegister),,4/14/08 4:18:28 AM,1384479,6.0.98.2

[IconGroups]
Group0=Touch
PrivateGroup0=-1
Parent0=$(Programs)

[Touch]
Icon1="Touch.exe"
Title1=Touch
StartIn1=$(AppPath)

[Setup]
Title=Touch
DefaultDir=$(ProgramFiles)\Touch
AppExe=Touch.exe
AppToUninstall=Touch.exe

[Setup1 Files]
File1=@MDAC_TYP.EXE,$(AppPath),,,8/7/98 12:00:00 AM,6477888,4.72.3110.0
File2=@MSCOMCTL.OCX,$(WinSysPath),$(DLLSelfRegister),$(Shared),4/15/05 8:58:16 PM,1071088,6.1.97.86
File3=@RDO20ES.DLL,$(WinSysPath),,$(Shared),7/28/98 12:00:00 AM,66048,6.0.81.63
File4=@RDOCURS.DLL,$(WinSysPath),,$(Shared),7/10/07 11:39:58 PM,151552,6.0.88.4
File5=@MSRDO20.DLL,$(WinSysPath),$(DLLSelfRegister),$(Shared),2/23/04 12:00:00 AM,397824,6.1.97.82
File6=@VB6IDEMouseWheelAddin.dll,$(WinSysPath),$(DLLSelfRegister),$(Shared),8/16/05 3:05:48 PM,36864,1.0.0.0
File7=@VB5DB.DLL,$(WinSysPath),,$(Shared),6/18/98 12:00:00 AM,89360,6.0.81.69
File8=@msjtes40.dll,$(WinSysPathSysFile),$(DLLSelfRegister),,4/2/07 2:49:37 PM,248608,4.0.9502.0
File9=@msrepl40.dll,$(WinSysPathSysFile),,,4/2/07 2:51:05 PM,559904,4.0.9502.0
File10=@msrd3x40.dll,$(WinSysPathSysFile),$(DLLSelfRegister),,4/2/07 2:50:43 PM,322336,4.0.9502.0
File11=@msrd2x40.dll,$(WinSysPathSysFile),$(DLLSelfRegister),,4/2/07 2:50:26 PM,432928,4.0.9502.0
File12=@mswdat10.dll,$(WinSysPathSysFile),,,4/2/07 2:51:47 PM,838432,4.0.9502.0
File13=@mswstr10.dll,$(WinSysPathSysFile),,,3/28/07 2:54:42 PM,621344,4.0.9502.0
File14=@expsrv.dll,$(WinSysPathSysFile),,,4/14/08 4:18:21 AM,380445,6.0.72.9590
File15=@vbajet32.dll,$(WinSysPathSysFile),,,4/14/08 4:18:45 AM,30749,6.0.1.9432
File16=@msjint40.dll,$(WinSysPathSysFile),,,3/28/07 2:54:37 PM,187168,4.0.9502.0
File17=@msjter40.dll,$(WinSysPathSysFile),,,4/2/07 2:49:33 PM,60192,4.0.9502.0
File18=@msjet40.dll,$(WinSysPathSysFile),$(DLLSelfRegister),,10/22/07 11:30:50 AM,1516568,4.0.9511.0
File19=@dao360.dll,$(MSDAOPath),$(DLLSelfRegister),$(Shared),1/19/08 1:04:48 PM,554008,3.60.9512.0
File20=@Touch.exe,$(AppPath),,,4/18/11 8:50:10 AM,3678208,1.0.0.0

; Puede eliminar las siguientes líneas para obtener espacio adicional 
; con el fin de personalizar este archivo en un disco de instalación completa.
; 
; XXXXXXXXXXXXXXXXXXXXXXXXXXXXXXXXXXXXXXXXXXXXXXXXXXXXXXXXXXXX
; XXXXXXXXXXXXXXXXXXXXXXXXXXXXXXXXXXXXXXXXXXXXXXXXXXXXXXXXXXXX
; XXXXXXXXXXXXXXXXXXXXXXXXXXXXXXXXXXXXXXXXXXXXXXXXXXXXXXXXXXXX
; XXXXXXXXXXXXXXXXXXXXXXXXXXXXXXXXXXXXXXXXXXXXXXXXXXXXXXXXXXXX
; XXXXXXXXXXXXXXXXXXXXXXXXXXXXXXXXXXXXXXXXXXXXXXXXXXXXXXXXXXXX
; XXXXXXXXXXXXXXXXXXXXXXXXXXXXXXXXXXXXXXXXXXXXXXXXXXXXXXXXXXXX
; XXXXXXXXXXXXXXXXXXXXXXXXXXXXXXXXXXXXXXXXXXXXXXXXXXXXXXXXXXXX
; XXXXXXXXXXXXXXXXXXXXXXXXXXXXXXXXXXXXXXXXXXXXXXXXXXXXXXXXXXXX
; XXXXXXXXXXXXXXXXXXXXXXXXXXXXXXXXXXXXXXXXXXXXXXXXXXXXXXXXXXXX
; XXXXXXXXXXXXXXXXXXXXXXXXXXXXXXXXXXXXXXXXXXXXXXXXXXXXXXXXXXXX
; XXXXXXXXXXXXXXXXXXXXXXXXXXXXXXXXXXXXXXXXXXXXXXXXXXXXXXXXXXXX
; XXXXXXXXXXXXXXXXXXXXXXXXXXXXXXXXXXXXXXXXXXXXXXXXXXXXXXXXXXXX
; XXXXXXXXXXXXXXXXXXXXXXXXXXXXXXXXXXXXXXXXXXXXXXXXXXXXXXXXXXXX
; XXXXXXXXXXXXXXXXXXXXXXXXXXXXXXXXXXXXXXXXXXXXXXXXXXXXXXXXXXXX
; XXXXXXXXXXXXXXXXXXXXXXXXXXXXXXXXXXXXXXXXXXXXXXXXXXXXXXXXXXXX
; XXXXXXXXXXXXXXXXXXXXXXXXXXXXXXXXXXXXXXXXXXXXXXXXXXXXXXXXXXXX
; XXXXXXXXXXXXXXXXXXXXXXXXXXXXXXXXXXXXXXXXXXXXXXXXXXXXXXXXXXXX
; XXXXXXXXXXXXXXXXXXXXXXXXXXXXXXXXXXXXXXXXXXXXXXXXXXXXXXXXXXXX
; XXXXXXXXXXXXXXXXXXXXXXXXXXXXXXXXXXXXXXXXXXXXXXXXXXXXXXXXXXXX
; XXXXXXXXXXXXXXXXXXXXXXXXXXXXXXXXXXXXXXXXXXXXXXXXXXXXXXXXXXXX
; XXXXXXXXXXXXXXXXXXXXXXXXXXXXXXXXXXXXXXXXXXXXXXXXXXXXXXXXXXXX
; XXXXXXXXXXXXXXXXXXXXXXXXXXXXXXXXXXXXXXXXXXXXXXXXXXXXXXXXXXXX
; XXXXXXXXXXXXXXXXXXXXXXXXXXXXXXXXXXXXXXXXXXXXXXXXXXXXXXXXXXXX
; XXXXXXXXXXXXXXXXXXXXXXXXXXXXXXXXXXXXXXXXXXXXXXXXXXXXXXXXXXXX
; XXXXXXXXXXXXXXXXXXXXXXXXXXXXXXXXXXXXXXXXXXXXXXXXXXXXXXXXXXXX
; XXXXXXXXXXXXXXXXXXXXXXXXXXXXXXXXXXXXXXXXXXXXXXXXXXXXXXXXXXXX
; XXXXXXXXXXXXXXXXXXXXXXXXXXXXXXXXXXXXXXXXXXXXXXXXXXXXXXXXXXXX
; XXXXXXXXXXXXXXXXXXXXXXXXXXXXXXXXXXXXXXXXXXXXXXXXXXXXXXXXXXXX
; XXXXXXXXXXXXXXXXXXXXXXXXXXXXXXXXXXXXXXXXXXXXXXXXXXXXXXXXXXXX
; XXXXXXXXXXXXXXXXXXXXXXXXXXXXXXXXXXXXXXXXXXXXXXXXXXXXXXXXXXXX
; XXXXXXXXXXXXXXXXXXXXXXXXXXXXXXXXXXXXXXXXXXXXXXXXXXXXXXXXXXXX
; XXXXXXXXXXXXXXXXXXXXXXXXXXXXXXXXXXXXXXXXXXXXXXXXXXXXXXXXXXXX
; XXXXXXXXXXXXXXXXXXXXXXXXXXXXXXXXXXXXXXXXXXXXXXXXXXXXXXXXXXXX
; XXXXXXXXXXXXXXXXXXXXXXXXXXXXXXXXXXXXXXXXXXXXXXXXXXXXXXXXXXXX
; XXXXXXXXXXXXXXXXXXXXXXXXXXXXXXXXXXXXXXXXXXXXXXXXXXXXXXXXXXXX
